[cleanservice.com.au/index.html]
[backblue.gif]
[fade.gif]
[index.html]
[cleanservice.com.au/resources/pic/main/cleanservice-logo.png]
[cleanservice.com.au/resources/pic/main/cleanservice.ico]
[cleanservice.com.au/resources/css/main.css]
[cleanservice.com.au/resources/pic/bg/clean-service.jpg]
[cleanservice.com.au/resources/pic/main/logo_cleanservice.png]
[cleanservice.com.au/promise.html]
[cleanservice.com.au/cleaning-quality.html]
[cleanservice.com.au/cleaning-science.html]
[cleanservice.com.au/office-cleaning.html]
[cleanservice.com.au/medical-cleaning.html]
[cleanservice.com.au/sports-cleaning.html]
[cleanservice.com.au/pricing.html]
[cleanservice.com.au/faq.html]
[cleanservice.com.au/contact.html]
[cleanservice.com.au/resources/pic/main/cleanservice_logo.png]
[cleanservice.com.au/resources/pic/main/stegbar-logo.png]
[cleanservice.com.au/resources/pic/main/capital-skin-cancer-clinic.png]
[cleanservice.com.au/resources/pic/main/sportscare-and-physiotherapy-logo.png]
[cleanservice.com.au/resources/pic/industry/office-cleaning2.png]
[cleanservice.com.au/resources/pic/industry/medical-cleaning.png]
[cleanservice.com.au/resources/pic/industry/sports-cleaning.png]
[cleanservice.com.au/resources/pic/t/fixed-price-cleaning.png]
[cleanservice.com.au/resources/pic/t/quality-cleaning-inclusive.png]
[cleanservice.com.au/resources/pic/t/cleaning-quote-privacy.png]
[cleanservice.com.au/resources/pic/bg/clear-cleaning-prices.png]
[cleanservice.com.au/privacy.html]
[cleanservice.com.au/terms.html]
[google-analytics.com/analytics.js]
[code.jquery.com/jquery-1.12.4.min.js]
[cleanservice.com.au/index.html]
[cleanservice.com.au/resources/css/main.css]
[cleanservice.com.au/resources/js/home.js]
[cleanservice.com.au/resources/pic/bg/bg33.jpg]
[cleanservice.com.au/resources/pic/t/t50.png]
[cleanservice.com.au/resources/pic/t/t43.png]
[cleanservice.com.au/resources/pic/t/t32.png]
[cleanservice.com.au/resources/pic/t/t44.png]
[cleanservice.com.au/resources/pic/t/t98.png]
[cleanservice.com.au/resources/pic/main/andrea1.png]
[cleanservice.com.au/resources/pic/main/suzy1.png]
[cleanservice.com.au/resources/pic/main/waleed1.png]
[cleanservice.com.au/resources/pic/main/angela1.png]
[cleanservice.com.au/resources/pic/main/kathleen1.png]
[cleanservice.com.au/quality-assurance.html]
[cleanservice.com.au/non-toxic-cleaning.html]
[ajax.googleapis.com/ajax/libs/jquery/1.7.1/jquery.min.js]
[cleanservice.com.au/promise.html]
[cleanservice.com.au/resources/pic/bg/bg54.jpg]
[cleanservice.com.au/resources/pic/t/t57.png]
[cleanservice.com.au/resources/pic/t/t56.png]
[cleanservice.com.au/resources/pic/t/t92.png]
[cleanservice.com.au/resources/pic/t/t55.png]
[cleanservice.com.au/resources/pic/main/stampb.png]
[cleanservice.com.au/resources/pic/main/diamond62.png]
[cleanservice.com.au/cleaning-tasks.html]
[cleanservice.com.au/cleaning-quality.html]
[cleanservice.com.au/resources/pic/t/t47.png]
[cleanservice.com.au/resources/pic/t/t51.png]
[cleanservice.com.au/resources/pic/t/t48.png]
[cleanservice.com.au/resources/pic/main/bi3.png]
[cleanservice.com.au/resources/pic/main/microfiber2.png]
[cleanservice.com.au/resources/pic/main/steamer6.png]
[cleanservice.com.au/resources/pic/main/other2.png]
[cleanservice.com.au/cleaning-science.html]
[cleanservice.com.au/resources/pic/bg/clean-office9.jpg]
[cleanservice.com.au/resources/pic/main/office-cleaning.png]
[cleanservice.com.au/resources/pic/bg/service-map.png]
[cleanservice.com.au/resources/pic/t/oneflare.png]
[cleanservice.com.au/resources/pic/t/truelocal.png]
[cleanservice.com.au/resources/pic/t/yellowpages.png]
[cleanservice.com.au/resources/pic/t/yelp.png]
[cleanservice.com.au/fixed-price-cleaning.html]
[cleanservice.com.au/payment-methods.html]
[cleanservice.com.au/office-cleaning.html]
[cleanservice.com.au/resources/pic/bg/clean-clinic7.jpg]
[cleanservice.com.au/resources/pic/industry/medical-cleaning-service.png]
[cleanservice.com.au/medical-cleaning.html]
[cleanservice.com.au/resources/pic/bg/clean-sport2.jpg]
[cleanservice.com.au/resources/pic/main/sports-cleaning-service.png]
[cleanservice.com.au/sports-cleaning.html]
[cleanservice.com.au/resources/pic/bg/bg56.jpg]
[cleanservice.com.au/resources/pic/main/suzy-pricing.png]
[cleanservice.com.au/resources/pic/main/handcuffs.png]
[cleanservice.com.au/resources/pic/industry/adminoffice.png]
[cleanservice.com.au/resources/pic/industry/callcentre.png]
[cleanservice.com.au/resources/pic/industry/companyg.png]
[cleanservice.com.au/resources/pic/industry/dental.png]
[cleanservice.com.au/resources/pic/industry/gym.png]
[cleanservice.com.au/resources/pic/industry/medical.png]
[cleanservice.com.au/resources/pic/t/bank.png]
[cleanservice.com.au/resources/pic/t/cash.png]
[cleanservice.com.au/resources/pic/t/cheque.png]
[cleanservice.com.au/resources/pic/t/amex.png]
[cleanservice.com.au/resources/pic/t/diners.png]
[cleanservice.com.au/resources/pic/t/master.png]
[cleanservice.com.au/resources/pic/t/visa.png]
[cleanservice.com.au/resources/pic/t/paypal.png]
[cleanservice.com.au/cleaning-supplies.html]
[ajax.googleapis.com/ajax/libs/jqueryui/1.10.3/jquery-ui.min.js]
[cleanservice.com.au/pricing.html]
[cleanservice.com.au/resources/pic/bg/qm.jpg]
[cleanservice.com.au/after-hours-cleaning.html]
[cleanservice.com.au/detail-cleaning.html]
[cleanservice.com.au/commercial-cleaning-contract.html]
[cleanservice.com.au/insured-cleaning-service.html]
[cleanservice.com.au/faq.html]
[cleanservice.com.au/resources/pic/t/t64.png]
[cleanservice.com.au/resources/pic/t/t65.png]
[cleanservice.com.au/resources/pic/t/t63.png]
[cleanservice.com.au/resources/pic/t/t94.png]
[cleanservice.com.au/resources/pic/main/sent_message.png]
[cleanservice.com.au/resources/pic/pledge/contactangel4.png]
[www.google.com/recaptcha/api.js]
[cleanservice.com.au/contact.html]
[cleanservice.com.au/cleanservice.com.html]
[cleanservice.com.au/resources/js/form.js]
[cleanservice.com.au/privacy.html]
[cleanservice.com.au/terms.html]
[cleanservice.com.au/quality-assurance.html]
[cleanservice.com.au/non-toxic-cleaning.html]
[cleanservice.com.au/cleaning-tasks.html]
[cleanservice.com.au/fixed-price-cleaning.html]
[cleanservice.com.au/resources/pic/main/paynow.png]
[cleanservice.com.au/resources/pic/main/followpp.png]
[cleanservice.com.au/payment-methods.html]
[cleanservice.com.au/cleaning-supplies.html]
[cleanservice.com.au/after-hours-cleaning.html]
[cleanservice.com.au/detail-cleaning.html]
[cleanservice.com.au/commercial-cleaning-contract.html]
[cleanservice.com.au/insured-cleaning-service.html]
[cleanservice.com.au/Privacy-18May2016.html]
[cleanservice.com.au/Terms-18May2016.html]
[cleanservice.com.au/404.html]
[cleanservice.com.au/_br/__b_Notice_/b__  Undefined variable_ r1 in _b_/home/admin/web/cleanservice.com.au/public_html/pages/answer.php_/b_ on line _b_1_/b__br/_.html]
[cleanservice.com.au/_br/__b_Notice_/b__  Undefined variable_ r2 in _b_/home/admin/web/cleanservice.com.au/public_html/pages/answer.php_/b_ on line _b_1_/b__br/_.html]
